60x36
-------------------|-------------------|-------------------|
xxxxxxxxxxxxxxxxxxxxxxxxxxxxxxxxxxxxxxxxxxxxxxxxxxxxxxxxxxxx
xxxxxxxxxxxxxxxxxxxxxxxxxxxxxxxxxxxxxxxxxxxxxxxxxxxxxxxxxxxx
xxxxxxxxxxxxxxxxxxxxxxxxxxxxxxxxxxxxxxxxxxxxxxxxxxxxxxxxxxxx
xxxxxxxxxxxxxxxxxxxxxxxxxxxxxxxxxxxxxxxxxxxxxxxxxxxxxxxxxxxx
xxxxxxxxxxxxxxxxxxxxxxxxxxxxxxxxxxxxxxxxxxxxxxxxxxxxxxxxxxxx
xxxxAAAAAAAAAAAAAAAAAAAAAAAAAAAAAAAAAAAAAAAAAAAAAAAAAAAAxxxx
xxxxAaaaaaaaaaaaaaaaaaaaaaaaaaaaaaaaaaaaaaaaaaaaaaaaaaaAxxxx
xxxxAPPPPPPPPPPPPPPPPPPPPPPPPPPPPPPPPPPPPPPPPPPPPPPPPPPAxxxx
xxxxAAAAAAAAAAAAAAAAAAAAAAAAAPPAAAAAAAAAAAAAAPPPPPPPPPPAxxxx
xxxxaaaaaaaaaaaaaaaaaaaaaaaaAPPAaaaaaaaaaaaaAPPPPPPPPPPAxxxx
xxxxxxxxxxxxxxxxxxxxxxxxxxxxAPPAxxxxxxxxxxxxAPPPPPPPPPPAxxxx
xxxxxxxxxxxxxxxxxxxxxxxxxxxxAPPAxxxxxxxxxxxxAPPPPPPPPPPAxxxx
-------------------|-------------------|-------------------|
AAAAAAAAAAAAAAAAAAAAxxxxxxxxAPPAxxxxxxxxxxxxAPPPPPPPPPPAxxxx
AaaaaaaaaaaaaaaaaaaAxxxxxxxxAPPAxxxxxxxxxxxxAWWWWPPWWWWAxxxx
APPPPPPPPPPPPPPPPPPAAAAAAAAAAPPAAAAAAAAAxxxxAWWWWPPWWWWAxxxx
AAAAAAAAAAAAAAAAPPPAAaaaaaaaaPPaaaaaaaaAxxxxAWWWWPPWWWWAxxxx
AaaaaaaaaaaaaaaaPPPAAPPPPPPPPPPPPPPPPPPAxxxxAWWWWPPWWWWAxxxx
APPPPPPPPPPPPPPPPPPAAPPPPPPPPPPPPPPPPPPAxxxxAWWWWPPWWWWAxxxx
APPPPAAAAAAAAAAAAAAAAPPPPPPPPPPPPPPPPPPAxxxxAWWWWPPWWWWAxxxx
APPPPaaaaaaaaaaaaaaAAPPPPPPPPPPPPPPPPPPAxxxxAWWWWPPWWWWAxxxx
APPPPPPPPPPPPPPPPPPAAAAAAAAAAPPAAAAAAAAAxxxxAWWWWPPWWWWAxxxx
AAAAAAAAAAAAAAAPPPPAaaaaaaaaAPPAaaaaaaaaxxxxAWWWWPPWWWWAxxxx
aaaaaaaaaaaaaaAPPPPAxxxxxxxxAPPAxxxxxxxxxxxxAWWWWPPWWWWAxxxx
xxxxxxxxxxxxxxAPPPPAxxxxxxxxAPPAxxxxxxxxxxxxAPPPPPPPPPPAxxxx
-------------------|-------------------|-------------------|
xxxxxxxxxxxxxxAPPPPAxxxxxxxxAPPAxxxxxxxxAAAAAPPPPPPPPPPAAAAA
AAAAAAAAAAAAAAAPPPPAxxxxxxxxAPPAxxxxxxxxAaaaaPPPPPPPPPPaaaaA
AaaaaaaaaaaaaaaPPPPAxxxxxxxxAPPAxxxxxxxxAPPPPPPPPPPPPPPPPPPA
APPPPPPPPPPPPPPPPPPAxxxxxxxxAPPAxxxxxxxxAPPPPPPPPPPPPPPPPPPA
APPAAAAAAAAAAAAAAAAAAAAAAAAAAPPAxxxxxxxxAPPPPPPPPPPPPPPPPPPA
APPaaaaaaaaaaaaaaaaaaaaaaaaaaPPAxxxxxxxxAPPPPPPPPPPPPPPPPPPA
APPPPPPPPPPPPPPPPPPPPPPPPPPPPPPPPPPPPPPPPPPPPPPPPPPPPPPPPPPA
AAAAAAAPPPPPAAAAAAAAAAAAAAAAAAAAxxxxxxxxAPPPPPPPPPPPPPPPPPPA
aaaaaaAPPPPPAaaaaaaaaaaaaaaaaaaaxxxxxxxxAPPPPPPPPPPPPPPPPPPA
xxxxxxAPPPPPAxxxxxxxxxxxxxxxxxxxxxxxxxxxAPPPPPPPPPPPPPPPPPPA
xxxxxxAPPPPPAxxxxxxxxxxxxxxxxxxxxxxxxxxxAPPPPPPPPPPPPPPPPPPA
xxxxxxAAAAAAAxxxxxxxxxxxxxxxxxxxxxxxxxxxAAAAAAAAAAAAAAAAAAAA
