80x84
-------------------|-------------------|-------------------|-------------------|
TGGGGGGGGGGGGGGGGGGGGGGGGGGGGGGGGGGGGGGCCCCCCCCCCCCCCCCCCCCCCCCCCCCCCCCCCCCCCCCC
TGGGGGGGGGGGGGGGGGGGGGGGGGGGGGGGGGGGGGGGCCCCCCCCCCCCCCCCCCCCCCCCCCCCCCCCCCCCCCCC
TGGGGGGGGGGGGGGGGGGGGGGGGGGGGGGGGGGGGGGG¿GGGGGTGGGGGGGGGGTGGGGGTGGTGGGGGTGGGTGGT
TGGGGGGGGGGGGGGGGGGGGGGGGGGGGGGGGGGGGGGGC¿GGTGGGGTGGGGTGGGGGGTGGGGGGTGGGGGTGGGGT
TGGGGGGGGGGGGGGGGGGGGGGGGGGGGGGGGGGGGGGGCC¿GGGGGTGGTGGGGGTGGGGGGTGGGGGGGTGGGGGGT
TGGGGGGGGGGGGGGGGGGGGGGGGGGGGGGGGGGGGGGGCCV¿GTGGGGGGGTGGGGGGGTGGGGGGTGGGGGGGGGGT
TGGGGGGGGGGGGGGGGGGGGGGGGGGGGGGGGGGGGGGGCCVCV^^^^V^^V^^V^^V^^^^^^^^^^^V^^^^^^^^^
TGGGGGGGGGGGGGGGGGGGGGGGGGGGGGGGGGGGGGGGCCCCVCCCCVCCVCCVCCVCCCCCCCCCCCVCCCCCCCCC
TGGGGGGGGGGGGGGGGGGGGGGGGGGGGGGGGGGGGGGGCCCCVCCCCVCCVCCCCCVCCCCCCCCCCCVCCCCCCCCC
TGGGGGGGGGGGGGGGGGGGGGGGGGGGGGGGGGGGGGGGCCCCCCCCCVCCVCCCCCVCCCCCCCCCCCVCCCCCCCCC
TGGGGGGGGGGGGGGGGGGGGGGGGGGGGGGGGGGGGGGGCCCCCCCCCVCCCCCCCCCCCCCCCCCCCCVCCCCCCCCC
TGGGGGGGGGGGGGGGGGGGGGGGGGGGGGGGGGGGGGGGCCCCCCCCCVCCCCCCCCCCCCCCCCCCCCVCCCCCCCCC
-------------------|-------------------|-------------------|-------------------|
CVCVCVCVCVCVCVCVCVCCVCVCCVCVCVCCVCCVCVCCVCCVCCVCCVCCVCVCCVCCCCVCCCCCCCVCCCCCVCCC
CCCVCVCVCCCVCVCVCCCCVCVCCVCVCVCCVCCCCVCCVCCVCCVCCVCCVCCCCVCCCCVCCCCCCCVCCCCCVCCC
CCCVCVCCxxxCCVCCCCCCVCVCCVCVCVCCCCCCCVCCVCCVCCCCCVCCCCCCCVCCCCVCCCCCCCVCCCCCVCCC
CCCCCVCxxxxxCCCCCCCCVCCCCVCCCVCCCCCCCVCCVCCCCCCCCVCCCCCCCCCCCCVCCCCCCCVCCCCCVCCC
CCCCCCCxxxxxCCCCCCCCCCCCCCCUCCCCCCCCCCCCCCCCCCCCCVCCCCCCCCCCCCVCCCCCCCVCCCCCVCCC
TGGGLLLGGGGGLLLGGLGLLLLGGGGGGGLGGGGGGGGGGGGGLGGGFGGLGGFGLGGÚCCVCCCCCCCVCCCCCVCCC
TGGGGGLGGGGGLGGGGGLGGGGGLGFGGGGFGLGFGLGGFGLGGGGGLGGFGFGGGGÚCCCVCCCCCCCVCCCCCVCCV
TGLGGGGLGGGGGGGGLGGGGGLGGGFFLGFGFGLFGGGFGGFGGGFGGFGGLGGGGÚCCCCVCCCCGGGGGGGCCVCCV
TGGGLGGGGLGGGLGGGGLGGGGGGGLGFGLGGGGGFGGGLGGLGFLGFGGGGGGGÚCCCCCVCCCC¿GGGGGÚCCVCCV
TGGGGGGGGGGGGLGGGGGGGGGGLGGGGGFGGGGLGGFGGGGFGGGGGGLGGGGÚCCCCCCVCCCCV^^V^^VCCVCCV
^^^^^^^^^^^^^^^^^^^^^^^^^^^^^^^^^^^^^^^^^^^^^^^^^^^^^^^CCCCCCCVCVCCVCCVCCVCCVCCV
CCCCCCCCCCCCCCCCCCCCCCCCCCCCCCCCCCCCCCCCCCCCCCCCCCCCCCCCCCCCCCVCVCCVCCVCCVCCVCCV
-------------------|-------------------|-------------------|-------------------|
CCCCVCVCVCCCVCVCVCVCCVCCVCCVCCVCCVCCVCCVCCVCCVCCVCCVCCVCCVCCCCVCVCCVCCVCCVCCVCCV
CCCCVCCCVCCCVCVCCCVCCVCCVCCVCCCCCCCCVCCVCCCCCVCCCCCVCCVCCVCCCCVCCCCVCCVCCCCCVCCC
CCCCCCCCCCCCVCCCCCCCCVCCCCCVCCCCCCCCVCCCCCCCCCCCCCCVCCCCCCCCCCCCCCCCCCVCCCCCCCCC
LGGLGGLGGLGGLGGLGFLGGLGGLGGLGGLGGLGGLGGLGGLGGLGGLGGLGGLGGLGGLGGLGGLGGLGGLGGLGGLT
¿LFGGFGFGGFGGGFGGFGGGGFGGGFFGGFGFGGFGGGGGGGGGGGGGGGGGGGGGGGGGGGGGGGGGGGGGGGGGGGT
C¿LGGGGFGFFGFGGFGGGFFGGGFFGGGFGGFFGGFÚ^^^V^V^^V^^V^^V^V^^V^^^V^^V^V^V^^V^^V^^V^^
CC¿LGGGFFGGGGFFGGFFGFGFGGFGFGGFGGGFFÚCCCCVCVCCVCCVCCVCCCCVCCCVCCVCCCVCCCCCVCCVCC
CCC¿LGFGGGFGGGFGGGFGGFFFGGGGGGFFGGFÚCCCCCVCCCCCCCVCCCCCCCVCCCCCCVCCCCCCCCCVCCCCC
CCCC¿FFFFFFFFFFFFFFFFFFFFFFFFFFFFFÚCCCCCCVCCCCCCCVCCCCCCCCCCCCCCVCCCCCCCCCVCCCCC
CCCCC^^^^^^^^^^^^^^^^^^^^^V^^^^^^^CCCCCCCCCCCCCCCVCCCCCCCCCCCCCCVCCCCCCCCCCCCCCC
CCCCCCCCCCCCCCCCCCCCCCCCCCVCCCCCCCCCCCCCCCCCCCCCCVCCCCCCCCCCCCCCCCCCCCCCCCCCCCCC
CCCCCCCCCCCCCCCCCCCCCCCCCCVCCCCCCCCCCCCCCCCCCCCCCCCCCCCCCCCCCCCCCCCCCCCCCCCCCCCC
-------------------|-------------------|-------------------|-------------------|
CCCCCCCCCCCCCCCCCCCCCCCCCCVCCCCCCCCCCCÀTTTTTTTTTTTTTTTTTTTTTTTTTTTTTTTTTTTTTTTTT
ÙCCCCCCCCCCCCCCCCCCCCCCCCCVCCCCCCCCCCÀGTTGFGFGFGFGFGFGFGFGFTTGGGGGGGGGGGGGGGGGGT
TÙCCCCCCCCCCCCCCCCCCCCCCCCVCCCCCCCCCÀGGTTFGFGFGFGFGFGFGFGFGTTGGFGGFGGFGGFGGFGGGT
TGÙCCCCCCCCCCCCCCCCCCCCCCCVCCCCCCCCÀGGGTTGFGFGFGFGFGFGFGFGFTTGGwwwwwwwwwwwwwwFGT
TGGÙCCCCCCCCCCCCCCCCCCCCCCVCCCCCCCÀGGGGTTFGFGFGFGFGFGFGFGFGTTGFwwwwwwwwwwwwwwGGT
TGGGÙCCCCCCCUCCCCCCCCCCCCCVCCCCCCÀGGGGGGGGFGFGFGFGFGFGFGFGFGGGGwwwwwwwwwwwwwwFGT
TGGGGGGGGGGNGGGGGGGGGGGGGNGGGGGGGGGGGGGGGFGFGFGFGFGFGFGFGFGGGGGwwwwwwwwwwwwwwGGT
TGLGGGGLGGGGLGGGGGLGGGGGGGGGGGGGGGGGGGGTTGFGFGFGFGFGFGFGFGFTTGFwwwwwwwwwwwwwwFGT
TGGGLGGGGGGGGGGGLGGGGGGGLGGGLGGGGGLGGGLTTFGFGFGFGFGFGFGFGFGTTGGwwwwwwwwwwwwwwGGT
TGGGGGGLGGGGLGGGGGGGGGLGGGLGGGGLGGGGGLLTTGFGFGFGFGFGFGFGFGFTTGFGGFGGFGGFGGFGGFGT
TGGGGGGGGGGGGGGGGGGGGGGGGGGGGGGGGGGGLLLTTFGFGFGFGFGFGFGFGFGTTGGGGGGGGGGGGGGGGGGT
TTTTTTTTTTGGTTTTTTTTTTTTTTTTTGGTTTTTTTTTTTTTTTTTTTTTTTTTTTTTTTTTTTTTTTGTTTTTTTTT
-------------------|-------------------|-------------------|-------------------|
TLLLLLLLLLGGLLLLLLLLTTTTTTTTTGGTTTTTTTTTTTTTTTTTTTTTTTTTTTTTTTTTTTTTTTGTTTTTTTTT
TGFGGGGGGGGGGGGFGGGLLGGGGGGGGGGGGGGGGGGTT^^^^^^^^U^^^^^^^^^TT^^^^^^^^^V^^^^^^^^T
TGGGFGwwwwwGGFGGGGGLLGGLGGGLGGGGLGGGLGGTTSGGGGGGNGGGGGGGGGGTTSGGGGGLGGGGFFFFFFFT
TGFGGGwwwwwwGGGGFGGLLGGGGGGGGGGGGGGGGGGTTSGGGGLGGGGLGGGGGGGTTSGGGGGLGGGGGGGGGGGT
TGGGGwwwwwwwwwwwwGGLLGGGGLGGGLGGGGLGGGLTTSGGGGGGGGGGGGGGGGGTTSGGGGGGGGGGGGGGGGGT
TGGwwwwwwwwwwwwwGGGGGGGGGGGGGGGGGGGGGGGTTSGGGGGLGGGGGGLGGGGTTSGGLLLLLLLLLLLLLLLT
TGGGGwwwwwwwwwwGGGGGGGLGGGGLGGGLGGGGLGGTTSGGLGGGGGGGGGGGGGGTTSGGGGGGGGGGGGGGGGGT
TGGGGGGwwwwwwGGGGFGLLGGGGGGGGGGGGGGGGGGTTSGGGGGGLGGGLGGGGGGTTSGGGGGGGGGGGGGGGGGT
TGFGGGGwwwwwGGFGGGGLLGGGLGGGGLGGGGLGGGGTTSGGLGGGGGGLGGGGGGGTTLLLLLLLLLLLLLLLGGGT
TGGGFGGGwwwwGGGGFGGLLGGGGGGGGGGGGGGGGGGTTSGGGGGLGGGGGGGGGLGTTSGGGGGGGGGGGGGGGGGT
TGFGGGGGGGGGGGGGGGGLLLGGGGLGGGGGLGGGGLGTTSGGGGGGGGGGGGGGGGGTTSFFFFFFFFTSGFFFFFFT
TLLLLLLLLLLLLLLLLLLLLLLLLLLLLLLLLLLLLLLTTSGLLLLLLLLLLLLLLLLTTTTTTTTTTTTSGTTTTTTT
-------------------|-------------------|-------------------|-------------------|
TTTTTTTTTTTTTTTTTTTTTTTTTTTTTTTTTTTTTTTTTSGTTTTTTTTTTTTTTTTTTTTTTTTTTTTSGTTTTTTT
TGGGGGGGGGGGGGGGGTTTTGGGGGGGGGGGGGGGGGGTTSG^^^^^^^^^^^^^^^^TL^^^^^^^^^^sG^^^^^^^
TGGGGGGGGGGGGGGGGTTTTGGGGGGGGGGGGGGGGGGTTSGGGGGGGGGGGGGGGGGTLSGGGGGGGGFGGGGGGGGT
TGGGLGGLGGLGGGLGGTTTTGGGGGGTTGGGGGGGGGGTTSGGGFGGLGGFGGLGGGGTLSGGGFGGGGGGGGGGGFGT
TGGGGGGGGGGGGGGGGTTTTGGGGGGTTGGGFFFFGGGTTSGGGFGGLGGFGGLGGGGTLSGGGGGGGGLLLLGGGGGT
TGGGGLGGLGGLGGLGGTTTTGGGGGGTTGGGFFFFGGGTTSGGGFGGLGGFGGLGGGGTLSGGGGGFGGLt LGGGGGT
TGGGGGGGGGGGGGGGGTTTTGGGGGGTTGGGFFFFGGGTTSGGGFGGLGGFGGLGGGGTLSGGGFGGGGL  LGGGGGT
TGGLGGGLGGGLGGLGGGGGGGGGGGGTTGGGFFFFGGGTTSGGGFGGLGGFGGLGGGGTLSGGGGGGGGLLLLGGGFGT
TGGGGGGGGGGGGGGGGGGGGGGGGGGTTGGGGGGGGGGTTSGGGFGGLGGFGGLGGGG^^sGGGGGFGGGGGGGGGGGT
TGGGGGLGGGGLGGGGGGGGGGGGGGGTTGGGGGGGGGGTTSGGGFGGLGGFGGLGGGGGGGGGGGGGGGGGGGGGFGGT
TGGGGGGGGGGGGGGGGGGGGGGGGGGTTGGGGGGGGGGTTSGGGGGGGGGGGGGGGGGGGGGGGGGGGGGGGGGGGGGT
TTTTTLGGLTTTTTTTTTTTTTTTTTTTTTTTTTTGGGGTTLLLLLLLLLLLLLLLLLLLLGGGGGLLLLLLLGLLLLLT
-------------------|-------------------|-------------------|-------------------|
TTTTTLGGLTTTTTTTTTTTTTTTTTTTTTTTTTTGGGGTT^^^^^^^^U^^^^^^^^^LLGGGGGL^^^^^^V^^^^^^
TTTTTLGGLTTTTTTTTTTTTTTTTTTTTTTTTTGGGGGTTSFFFFFFNFFFFFFFFFFLLGGTGGLSGGGGGGGGGGGT
TTTTTLGGLTTTTTTTTTTTTTTTTTTTTTTTTGGGGGGTTSLGGGGGGGGGGGGGGGGLLGGGGGLSGGGGFGGGGGGT
TTTTTLGGLTTTTTTTTTTTTTTTTTTTTTTTGGGGGGGTTSGGFGGFGGLGGFGGGGGLLTGGGGLSGGGGGGGFGGGT
TGGG1GGGGGGGGGGTTTTTLLGGFGGGGGGGGGGFGGGTTSGGGLGGGGGGGGGGGGGLLGGGGGLSGGGGGGGGGGGT
TGGGGGGFGGGGGGGTTTTTLGGGGGGGGFGGGGFGGGGTTSGGGGGGFGGGLGGFGGGLLGGGTGLSGGGGFGGGGGGT
TGGFGGGGGGGFGGGTTTTTLGGGGFGGGGGGGGGGFGGTTSGGGGGLGGGGGGGGGGGLLGGGGGÚsGGGGGGGGFGGT
TGGGGGFGGFGGGGGTTTTTLGGGGGGGGGGGGGGGGGGTTSGLGGGGGGGGGGGLGGGLLGGÚ^VÀGGGGGFGGGFGGT
TGGFGGGGGGGFGGGTTTTTLGGGG^^^^^^^^^^^^^^^^sGGGGGGGGGGGGGGGGGLLLÚÀGGGGGFGGGGGGGGGT
TGGGGFGGFGGGFGGTTTTTLGGGGGLGGLGGLGGLGGLGGGGGGGGGGGGGGGGGGGG^^^ÀGGGGGGGFGGGFGGGGT
TGGGGGGGGGGGGGGTTTTTLGGGGGGGGGGGGGGGGGGGGGGGGGGGGGGGGGGGGGGGGGGGGGFGGGGGGGGGGGGT
TTTTTTTTTTTTTTTTTTTTTTTTTTTTTTTTTTTTTTTTTTTTTTTTTTTTTTTTTTTTTTTTTTTTTTTTTTTTTTTT
